array(2) {
  ["a"]=>
  int(12)
  ["b"]=>
  int(24)
}
