<html>
<head>
    <title>My Web Example</title>
</head>
<body>
    <table>
        <tr>
        <td>0</td>
    </tr>
        <tr>
        <td>1</td>
    </tr>
        </table>
</body>
</html>

