0... even numbers
1 is odd
2 is greater than 0... even numbers
3 is odd
4 is greater than 2 is greater than 0... even numbers
