object(Simple)#1 (0) {
}
object(Simple)#2 (0) {
}
NULL
object(Simple)#2 (0) {
}
