
Notice: Undefined variable: a in {{CWD}}/test/code/test_error_reporting.php on line 5
