<html>
<head>
    <title>Mi pagina</title>
</head>
<body>
<h1>Mi Pagina</h1>
<hr/>
<p>Contando: 0, 1, 2, 3, 4, 5, 6, 7, 8, 9, </p>
</body>
</html>

