
This is a heredoc! :-)
just as it should be

And another here doc, with
a tramp...
HERE;

Hello World 10 times (originally 10)
