class method:
array(3) {
  [0]=>
  int(1)
  [1]=>
  int(2)
  [2]=>
  int(3)
}
function:
array(3) {
  [0]=>
  int(1)
  [1]=>
  int(2)
  [2]=>
  int(3)
}
closure:
array(3) {
  [0]=>
  int(1)
  [1]=>
  int(2)
  [2]=>
  int(3)
}
