array(5) {
  [0]=>
  string(6) "zero_a"
  [2]=>
  string(5) "two_a"
  [3]=>
  string(7) "three_a"
  [1]=>
  string(5) "one_b"
  [4]=>
  string(6) "four_b"
}
