Array
(
    [0] => 1
    [1] => 2
    [2] => 3
    [3] => 4
    [4] => Array
        (
            [0] => a
            [1] => b
            [2] => c
            [3] => Array
                (
                    [0] => 1
                    [1] => 2
                    [2] => 3
                    [3] => 4
                    [4] => Array
 *RECURSION*
                )

        )

)
