perfect! file doesn't exist
yes! this file {{CWD}}/test/code/test_file_exists.php exists!
