great! number of internal functions is greater than 10
great! there are not user functions registered yet
bool(true)
bool(false)
