hello world

Notice: Use of undefined constant DATA2 - assumed 'DATA2' in {{CWD}}/test/code/test_const.php on line 6
hello again!
good-bye!
