
Notice: Undefined variable: user_table in {{CWD}}/test/code/test_code_blocks_doc.php on line 1
    <tr class="form-field form-required user-pass1-wrap">
    <th scope="row">
