array(5) {
  [0]=>
  &int(1)
  [1]=>
  &int(1)
  [2]=>
  int(1)
  [3]=>
  int(2)
  [4]=>
  int(3)
}
int(1)
int(1)
NULL
