El árbol contiene 5 monos.
Es un bonito árbol con 5 monos.
