array(7) {
  ["a == b"]=>
  bool(true)
  ["a === b"]=>
  bool(false)
  ["a instance of b"]=>
  bool(true)
  ["a instance of foo"]=>
  bool(true)
  ["a instance of bar"]=>
  bool(true)
  ["b instance of foo"]=>
  bool(true)
  ["b instance of bar"]=>
  bool(true)
}

Warning: Class 'f' not found in {{CWD}}/test/code/test_class_alias.php on line 24

Warning: Cannot redeclare class bar in {{CWD}}/test/code/test_class_alias.php on line 25

Warning: Class '12' not found in {{CWD}}/test/code/test_class_alias.php on line 27
bool(false)
