1

1

Warning: include_once({{CWD}}/test/code/no_exists_file): failed to open stream: No such file or directory in {{CWD}}/test/code/test_include.php on line 4

Warning: include_once(): Failed opening '{{CWD}}/test/code/no_exists_file' for inclusion (include_path='.:') in {{CWD}}/test/code/test_include.php on line 4
1

1

Warning: include({{CWD}}/test/code/no_exists_file): failed to open stream: No such file or directory in {{CWD}}/test/code/test_include.php on line 8

Warning: include(): Failed opening '{{CWD}}/test/code/no_exists_file' for inclusion (include_path='.:') in {{CWD}}/test/code/test_include.php on line 8
1

1
