Constructing...
Constructing...
Constructing...
Destructing...
Destructing...
Destructing...
