The constant 3.14159265358979 is equal to pi() = 3.14159265358979 
