array(3) {
  [0] =>
  int(1)
  [1] =>
  array(3) {
    [0] =>
    array(2) {
      [0] =>
      string(1) "a"
      [1] =>
      string(1) "b"
    }
    [1] =>
    double(4.5)
    [2] =>
    string(4) "hola"
  }
  [2] =>
  int(3)
}
array(3) {
  [0] =>
  int(1)
  [1] =>
  array(3) {
    [0] =>
    array(2) {
      [0] =>
      string(1) "a"
      [1] =>
      string(1) "b"
    }
    [1] =>
    double(4.5)
    [2] =>
    string(4) "hola"
  }
  [2] =>
  int(3)
}
array(3) {
  [0] =>
  int(1)
  [1] =>
  array(3) {
    [0] =>
    array(2) {
      [0] =>
      string(1) "a"
      [1] =>
      string(1) "b"
    }
    [1] =>
    double(4.5)
    [2] =>
    string(4) "hola"
  }
  [2] =>
  int(3)
}
