Array
(
    [0] => 1
    [1] => 2
    [2] => 3
)
1 4 9 
0 => 1
1 => 4
2 => 9
10 => 1
40 => 4
90 => 9
