0 -> 
0... even numbers
1 -> 
everything is awesome!
2 -> 
2 is greater than 0... even numbers
3 -> 
everything is awesome!
4 -> 
4 is greater than 2 is greater than 0... even numbers
