2 ^ 3 = 11 & 1 = 12 | 1 = 3
$a = 5; 
$a ^ 1 = 4$a & 1 = 1$a | 1 = 5
