(one) 1 x 1 = 1
(one) 1 x 2 = 2
(one) 1 x 3 = 3
(one) 1 x 4 = 4
(one) 1 x 5 = 5
(one) 1 x 6 = 6
(one) 1 x 7 = 7
(one) 1 x 8 = 8
(two) 1 x 1 = 1
(two) 1 x 2 = 2
(two) 1 x 3 = 3
(two) 1 x 4 = 4
(two) 1 x 5 = 5
(two) 1 x 6 = 6
(two) 1 x 7 = 7
(two) 1 x 8 = 8
OK!
